conda.exe : 
위치 C:\Users\gawon\minicon
da3\shell\condabin\Conda.
psm1:153 문자:17
+ ...             & $Env:
CONDA_EXE $Env:_CE_M $Env
:_CE_CONDA $Command @Othe
 ...
+                 ~~~~~~~
~~~~~~~~~~~~~~~~~~~~~~~~~
~~~~~~~~~~~~~~~~~~~~~~~~~
    + CategoryInfo       
       : NotSpecifi    ed
: (:String) [],     Remot
eException
    + FullyQualifiedEr   
 rorId : NativeComm    an
dError
 
# >>>>>>>>>>>>>>>>>>>>>> 
ERROR REPORT <<<<<<<<<<<<
<<<<<<<<<<

    Traceback (most recen
t call last):
      File "C:\Users\gawo
n\miniconda3\Lib\site-pac
kages\conda\exception_han
dler.py", line 30, in __c
all__
        return func(*args
, **kwargs)
      File "C:\Users\gawo
n\miniconda3\Lib\site-pac
kages\conda\cli\main.py",
 line 62, in main_subshel
l
        exit_code = do_ca
ll(args, parser)
      File "C:\Users\gawo
n\miniconda3\Lib\site-pac
kages\conda\cli\conda_arg
parse.py", line 205, in d
o_call
        result = getattr(
module, func_name)(args, 
parser)
      File "C:\Users\gawo
n\miniconda3\Lib\site-pac
kages\conda\cli\main_run.
py", line 135, in execute
        print(response.st
dout, file=sys.stdout, en
d="")
        ~~~~~^^^^^^^^^^^^
^^^^^^^^^^^^^^^^^^^^^^^^^
^^^^^
    UnicodeEncodeError: '
cp949' codec can't encode
 character '\ufffd' in po
sition 403: illegal multi
byte sequence

`$ C:\Users\gawon\minicon
da3\Scripts\conda-script.
py run -n PACT python scr
ipts/test_local_llama.py 
--case synthesis`

  environment variables:
                 CIO_TEST
=<not set>
        CONDA_DEFAULT_ENV
=base
                CONDA_EXE
=C:\Users\gawon\miniconda
3\Scripts\conda.exe
             CONDA_PREFIX
=C:\Users\gawon\miniconda
3
    CONDA_PROMPT_MODIFIER
=(base)
         CONDA_PYTHON_EXE
=C:\Users\gawon\miniconda
3\python.exe
               CONDA_ROOT
=C:\Users\gawon\miniconda
3
              CONDA_SHLVL
=1
                CUDA_PATH
=C:\Program Files\NVIDIA 
GPU Computing Toolkit\CUD
A\v13.0
           CURL_CA_BUNDLE
=<not set>
                 HOMEPATH
=\Users\gawon
               LD_PRELOAD
=<not set>
                     PATH
=C:\Users\gawon\miniconda
3;C:\Users\gawon\minicond
a3\Library\mingw-
                         
 w64\bin;C:\Users\gawon\m
iniconda3\Library\usr\bin
;C:\Users\gawon\minic
                         
 onda3\Library\bin;C:\Use
rs\gawon\miniconda3\Scrip
ts;C:\Users\gawon\min
                         
 iconda3\bin;C:\Windows\S
ystem32;C:\Windows;C:\Win
dows\System32\Wbem;C:
                         
 \Windows\System32\Window
sPowerShell\v1.0;C:\Windo
ws\System32\OpenSSH;C
                         
 :\Users\gawon\miniconda3
;C:\Users\gawon\miniconda
3\Library\mingw-
                         
 w64\bin;C:\Users\gawon\m
iniconda3\Library\usr\bin
;C:\Users\gawon\minic
                         
 onda3\Library\bin;C:\Use
rs\gawon\miniconda3\Scrip
ts;C:\Users\gawon\min
                         
 iconda3\bin;C:\Users\gaw
on\miniconda3\condabin;C:
\Windows\System32;C:\
                         
 Windows;C:\Windows\Syste
m32\Wbem;C:\Windows\Syste
m32\WindowsPowerShell
                         
 \v1.0;C:\Windows\System3
2\OpenSSH;.;C:\Users\gawo
n\AppData\Local\Progr
                         
 ams\cursor\resources\app
\bin;C:\Program
                         
 Files\Git\bin;C:\Users\g
awon\AppData\Local\Progra
ms\Microsoft VS
                         
 Code\bin;C:\Users\gawon\
AppData\Local\Programs\An
tigravity\bin
             PSMODULEPATH
=C:\Users\gawon\OneDrive\
문서\WindowsPowerShell\Modu
les;C:\Program Files\
                         
 WindowsPowerShell\Module
s;C:\WINDOWS\system32\Win
dowsPowerShell\v1.0\M
                         
 odules
            PYTHONSTARTUP
=c:\Users\gawon\AppData\R
oaming\Antigravity\User\w
orkspaceStorage\c3618
                         
 25610869558f5418670aedc4
3ae\ms-python.python\pyth
onrc.py
        PYTHON_BASIC_REPL
=1
       REQUESTS_CA_BUNDLE
=<not set>
            SSL_CERT_FILE
=C:\Users\gawon\miniconda
3\Library\ssl\cacert.pem

     active environment :
 base
    active env location :
 C:\Users\gawon\miniconda
3
            shell level :
 1
       user config file :
 C:\Users\gawon\.condarc
 populated config files :
 C:\Users\gawon\miniconda
3\.condarc
          conda version :
 26.1.0
    conda-build version :
 not installed
         python version :
 3.13.5.final.0
                 solver :
 libmamba (default)
       virtual packages :
 __archspec=1=x86_64_v3
                         
 __conda=26.1.0=0
                         
 __cuda=13.1=0
                         
 __win=10.0.26200=0
       base environment :
 C:\Users\gawon\miniconda
3  (writable)
      conda av data dir :
 C:\Users\gawon\miniconda
3\etc\conda
  conda av metadata url :
 None
           channel URLs :
 https://repo.anaconda.co
m/pkgs/main/win-64
                         
 https://repo.anaconda.co
m/pkgs/main/noarch
                         
 https://repo.anaconda.co
m/pkgs/r/win-64
                         
 https://repo.anaconda.co
m/pkgs/r/noarch
                         
 https://repo.anaconda.co
m/pkgs/msys2/win-64
                         
 https://repo.anaconda.co
m/pkgs/msys2/noarch
          package cache :
 C:\Users\gawon\miniconda
3\pkgs
                         
 C:\Users\gawon\.conda\pk
gs
                         
 C:\Users\gawon\AppData\L
ocal\conda\conda\pkgs
       envs directories :
 C:\Users\gawon\miniconda
3\envs
                         
 C:\Users\gawon\.conda\en
vs
                         
 C:\Users\gawon\AppData\L
ocal\conda\conda\envs
    temporary directory :
 C:\Users\gawon\AppData\L
ocal\Temp
               platform :
 win-64
             user-agent :
 conda/26.1.0 requests/2.
32.4 CPython/3.13.5 Windo
ws/11 Windows/10.0.26200 
solver/libmamba conda-lib
mamba-solver/25.4.0 libma
mbapy/2.0.5
          administrator :
 False
             netrc file :
 None
           offline mode :
 False


An unexpected error has o
ccurred. Conda has prepar
ed the above report.
If you suspect this error
 is being caused by a mal
functioning plugin,
consider using the --no-p
lugins option to turn off
 plugins.

Example: conda --no-plugi
ns install <package>

Alternatively, you can se
t the CONDA_NO_PLUGINS en
vironment variable on
the command line to run t
he command without plugin
s enabled.

Example: CONDA_NO_PLUGINS
=true conda install <pack
age>

